== python ==
  venv exists: Python 3.12.3
  ok   faster-whisper
  ok   ctc-forced-aligner
  ok   uroman
  ok   silero-vad
  ok   librosa
  ok   soundfile
  ok   pyloudnorm
  ok   praat-parselmouth
  ok   sentence-transformers
  ok   FlagEmbedding
  ok   faiss-cpu
  ok   hdbscan
  ok   networkx
  ok   rapidfuzz
  ok   pyarabic
  ok   pydantic
  ok   jsonschema
  ok   beautifulsoup4
  ok   lxml
  ok   numpy
  ok   pandas
  ok   pyarrow
  ok   pillow
  ok   opencv-python-headless
  ok   scikit-image
  ok   pedalboard
  ok   pytesseract
  ok   huggingface_hub
  ok   onnxruntime
  ok   playwright
  ok   demucs
  ok   imageio-ffmpeg
  ok   static-ffmpeg
  froze 139 pins -> harness/requirements.lock.txt
== summary ==
  nothing missing
